
Memory Configuration

Name             Origin             Length             Attributes
*default*        0x0000000000000000 0xffffffffffffffff

Linker script and memory map


.head           0x0000000000000000       0x24
                0x0000000000000000        0x4 LONG 0x20000
                0x0000000000000004        0x4 LONG 0x69726148
                0x0000000000000008        0x4 LONG 0x0
                0x000000000000000c        0x4 LONG 0x400
                0x0000000000000010        0x4 LONG 0x0 SIZEOF (.data)
                0x0000000000000014        0x4 LONG 0xa3 LOADADDR (.data)
                0x0000000000000018        0x4 LONG 0xe9000000
                0x000000000000001c        0x4 LONG 0x10 (HariMain - 0x20)
                0x0000000000000020        0x4 LONG 0x6000

.text           0x0000000000000030       0x73
 *(.text)
 .text          0x0000000000000030       0x52 bug1.o
                0x0000000000000030                HariMain
 *fill*         0x0000000000000082        0xe 
 .text          0x0000000000000090       0x13 a_nasm.o
                0x0000000000000090                api_putchar
                0x000000000000009c                api_end

.data           0x0000000000000400        0x0 load address 0x00000000000000a3
 *(.data)
 .data          0x0000000000000400        0x0 bug1.o
 *(.rodata)
 *(.bss*)
 .bss           0x0000000000000400        0x0 bug1.o

/DISCARD/
 *(.eh_frame)
LOAD bug1.o
LOAD a_nasm.o
OUTPUT(bug1.hrb binary)

.comment        0x0000000000000000       0x13
 .comment       0x0000000000000000       0x13 bug1.o

.debug_aranges  0x0000000000000000       0x20
 .debug_aranges
                0x0000000000000000       0x20 a_nasm.o

.debug_pubnames
                0x0000000000000000        0x0
 .debug_pubnames
                0x0000000000000000        0x0 a_nasm.o

.debug_info     0x0000000000000000       0x3c
 .debug_info    0x0000000000000000       0x3c a_nasm.o

.debug_abbrev   0x0000000000000000       0x1b
 .debug_abbrev  0x0000000000000000       0x1b a_nasm.o

.debug_line     0x0000000000000000       0x3f
 .debug_line    0x0000000000000000       0x3f a_nasm.o

.debug_frame    0x0000000000000000        0x0
 .debug_frame   0x0000000000000000        0x0 a_nasm.o

.debug_loc      0x0000000000000000        0x0
 .debug_loc     0x0000000000000000        0x0 a_nasm.o
