
Memory Configuration

Name             Origin             Length             Attributes
*default*        0x0000000000000000 0xffffffffffffffff

Linker script and memory map


.head           0x0000000000000000       0x24
                0x0000000000000000        0x4 LONG 0x20000
                0x0000000000000004        0x4 LONG 0x69726148
                0x0000000000000008        0x4 LONG 0x0
                0x000000000000000c        0x4 LONG 0x400
                0x0000000000000010        0x4 LONG 0xe SIZEOF (.data)
                0x0000000000000014        0x4 LONG 0x71 LOADADDR (.data)
                0x0000000000000018        0x4 LONG 0xe9000000
                0x000000000000001c        0x4 LONG 0x10 (HariMain - 0x20)
                0x0000000000000020        0x4 LONG 0x6000

.text           0x0000000000000030       0x41
 *(.text)
 .text          0x0000000000000030       0x20 hello4.o
                0x0000000000000030                HariMain
 .text          0x0000000000000050       0x21 a_nasm.o
                0x0000000000000050                api_putchar
                0x000000000000005c                api_putstr0
                0x000000000000006a                api_end

.data           0x0000000000000400        0xe load address 0x0000000000000071
 *(.data)
 .data          0x0000000000000400        0x0 hello4.o
 *(.rodata)
 .rodata        0x0000000000000400        0xe hello4.o
 *(.bss*)
 .bss           0x000000000000040e        0x0 hello4.o

/DISCARD/
 *(.eh_frame)
LOAD hello4.o
LOAD a_nasm.o
OUTPUT(hello4.hrb binary)

.comment        0x0000000000000000       0x13
 .comment       0x0000000000000000       0x13 hello4.o

.debug_aranges  0x0000000000000000       0x20
 .debug_aranges
                0x0000000000000000       0x20 a_nasm.o

.debug_pubnames
                0x0000000000000000        0x0
 .debug_pubnames
                0x0000000000000000        0x0 a_nasm.o

.debug_info     0x0000000000000000       0x3c
 .debug_info    0x0000000000000000       0x3c a_nasm.o

.debug_abbrev   0x0000000000000000       0x1b
 .debug_abbrev  0x0000000000000000       0x1b a_nasm.o

.debug_line     0x0000000000000000       0x45
 .debug_line    0x0000000000000000       0x45 a_nasm.o

.debug_frame    0x0000000000000000        0x0
 .debug_frame   0x0000000000000000        0x0 a_nasm.o

.debug_loc      0x0000000000000000        0x0
 .debug_loc     0x0000000000000000        0x0 a_nasm.o
